// Jest Snapshot v1, https://goo.gl/fbAQLP

exports[`ItemInfoDatails component Should render ItemInfoDatails Component 1`] = `
<DocumentFragment>
  <section
    class="ItemInfoDetails__container"
  >
    <h3
      class="ItemInfoDetails__title"
    >
      Asford 12
    </h3>
    <p
      class="ItemInfoDetails__attribute"
    >
      <strong>
        Brand: 
      </strong>
       Dell
    </p>
    <p
      class="ItemInfoDetails__attribute"
    >
      <strong>
        CPU: 
      </strong>
       AMD
    </p>
    <p
      class="ItemInfoDetails__attribute"
    >
      <strong>
        RAM: 
      </strong>
      512
    </p>
    <p
      class="ItemInfoDetails__attribute"
    >
      <strong>
        SO: 
      </strong>
      Linux
    </p>
    <p
      class="ItemInfoDetails__attribute"
    >
      <strong>
        Display Resolution: 
      </strong>
      FullHD
    </p>
    <p
      class="ItemInfoDetails__attribute"
    >
      <strong>
        Dimentions: 
      </strong>
      20*10*85
    </p>
    <p
      class="ItemInfoDetails__attribute"
    >
      <strong>
        Weight: 
      </strong>
      600
    </p>
    <p
      class="ItemInfoDetails__price"
    >
      Price: 
      <strong>
        16 €
      </strong>
    </p>
  </section>
</DocumentFragment>
`;
