// Jest Snapshot v1, https://goo.gl/fbAQLP

exports[`Test Breadcrumb Should render Breadcrumb and have title of state in snapshot 1`] = `
<DocumentFragment>
  <ul
    class="breadcrumb__list"
  >
    <li>
      <a>
        Products
      </a>
    </li>
    <li>
      <a>
        Liquid 5
      </a>
    </li>
  </ul>
</DocumentFragment>
`;
